produce:a lot of people:おおぜい:12
listen:oozei:a lot of people/おおぜい:12
produce:a male person/plain:男の人が/おとこのひとが:12
listen:otokonohitoga/男の人が:a male person/男の人が:12
produce:a fortune slip:おみくじが:12
listen:omikujiga/おみくじが:a fortune slip/おみくじが:12
produce:a female person/plain:女の人が/おんなのひとが:12
listen:onnanohitoga/女の人が:a female person/女の人が:12
produce:decoration:かざりが/飾りが:12
listen:kazariga/飾りが:decoration/かざりが:12
produce:a cup of noodles:カップヌードルが:12
listen:kappunuudoruga/カップヌードルが:a cup of noodles/カップヌードルが:12
produce:Sanji/superior to inferior, among peers, towards male children:さんじくんが:12
listen:sanjikunga/さんじくんが:Sanji/さんじくんが:12
produce:a temple or shrine offering:(お)さいせんが:12
listen:osaisenga/お賽銭が:a temple or shrine offering/おさいせんが:12
produce:a bicycle:じてんしゃが:12
listen:jitenshaga/自転車が:a bicycle/じてんしゃが:12
produce:a woman/polite:女せいが/じょせいが:12
listen:joseiga/女性が:a woman/女せいが:12
produce:very good luck:大きちが/だいきちが:12
listen:daikichiga/大吉が:very good luck/大きちが:12
produce:a drum:たいこが:12
listen:taikoga/太鼓が:a drum/たいこが:12
produce:octopus fritters:たこやきが:12
listen:takoyakiga/たこ焼きが:octopus fritters/たこやきが:12
produce:a man/polite:男せいが/だんせいが:12
listen:danseiga/男性が:a man/男せいが:12
produce:an illness:びょうきが:12
listen:byoukiga/病気が:an illness/びょうきが:12
produce:a Bon dance:ぼんおどりが:12
listen:bonnodoriga/盆踊りが:a Bon dance/ぼんおどりが:12
produce:a festival:まつりが:12
listen:matsuriga/祭りが:a festival/まつりが:12
produce:a portable shrine:(お)みこしが:12
listen:omikoshiga/お神輿が:a portable shrine/おみこしが:12
produce:a summer kimono/cotton:ゆかたが:12
listen:yukataga/浴衣が:a summer kimono/ゆかたが:12
produce:Western-style clothes:ようふくが:12
listen:youfukuga/洋服が:Western-style clothes/ようふくが:12
produce:a lion:ライオンが:12
listen:raionga/ライオンが:a lion/ライオンが:12
produce:cooking, food, a dish:りょうりが:12
listen:ryouriga/料理が:cooking, food, a dish/りょうりが:12
produce:a street stall:ろ店が/ろてんが:12
listen:rotenga/ろ店が:a street stall/ろ店が:12
produce:a circle:わが:12
listen:waga/輪が:a circle, a wheel/わが:12
produce:a cotton candy:わたがしが/綿菓子が:12
listen:watagashiga/綿菓子が:a cotton candy/わたがしが:12
produce:will sell:売ります/うります:12
listen:utteiru/売っている:will be selling/売っている:12
produce:will dance:おどります/おどる:12
listen:odorimasu/おどります:will dance/おどります:12
produce:will carry on shoulder:かつぎます/かつぐ:12
listen:katsugimasu/担ぎます:will carry on shoulder/かつぎます:12
produce:will step back:さがります/さがる:12
listen:sagarimasu/下がります:will step back/さがります:12
produce:will hit; beat:たたきます/たたく:12
listen:tatakimasu/叩きます:will hit; beat/たたきます:12
produce:will attach:つきます/つく:12
listen:tsukimasu/付きます:will attach/つきます:12
produce:will draw (a fortune slip):ひきます/ひく:12
listen:hikimashita/ひきました:drew (a fortune slip)/ひきました:12
produce:will return:もどります/もどる:12
listen:modorimasu/戻ります:will return/もどります:12
produce:will visit a temple or shrine to pray:おまいり（を）する:12
listen:omairishimashou/お参りしましょう:let's visit (a temple or shrine)/おまいりしましょう:12
produce:simple; easy:なんたんな:12
listen:kantanna/かんたんな:simple; easy/かんたんな:12
produce:impossible; unreasonable:むりな:12
listen:murina/無理な:impossible; unreasonable/むりな:12
produce:dangerous:あぶない:12
listen:abunai/危ない:dangerous/あぶない:12
produce:slow; late:おそい:12
listen:osoi/遅い:slow; late/おそい:12
produce:heavy:おもい:12
listen:omoi/重い:heavy/おもい:12
produce:sad; unhappy:かなしい:12
listen:kanashii/悲しい:sad; unhappy/かなしい:12
produce:strong:つよい:12
listen:tsuyoi/つよい:strong/つよい:12
produce:sleepy:ねむい:12
listen:nemui/眠い:sleepy/ねむい:12
produce:fast; early:はやい:12
listen:hayai/早い:fast; early/はやい:12
produce:closely; thoroughly:じっくり:12
listen:jikkuri/じっくり:closely; thoroughly/じっくり:12
produce:and (among others):とか:12
listen:toka/とか:and (among others)/とか:12
produce:confirmation particle (women):わ:12
listen:tanoshiiwayo/楽しいわよ:It is fun!/楽しいわよ:12
produce:interrupting no:いえ:12
listen:ie/いえ:interrupting no/いえ:12
produce:hey; listen:ねえ:12
listen:nee/ねえ:hey; listen/ねえ:12
produce:well.../you might say...:まあ、:12
listen:maa/まあ:you might say.../まあ、:12
produce:Western-style clothes are ok.:ようふくでもだいじょうぶ。:12
listen:youfukudemodaijyobu/ようふくでもだいじょうぶ:Western-style clothes are ok./ようふくでもだいじょうぶ。:12
produce:heave-ho! heave-ho!/left! right! left! right!:わっしょい、わっしょい:12
listen:wasshoi/わっしょい:heave-ho!/わっしょい:12
produce:dance in a circle:わになっておどる:12
listen:waninatteodoru/輪になっておどる:dance in a circle/わになっておどる:12
cloze:ゾロさんは{..}の人です。:男（おとこ）:12
cloze:サンジくんは{..}せいが大好きです。:女（じょ）:12
cloze:{..}ろへさがりましょう。:後（うし）:12
cloze:じゃまた{..}で。:後（あと）:12
cloze:今　つよいですが、{..}　つよくなかったです。:前（まえ）:12
cloze:いつも　毎{..}　十一じに　ねます。:晩（ばん）:12
cloze:かいしゃは　うちから　{..}くて、べんりです。:近（ちか）:12
cloze:おなじシャッツを{..}たいです。:着（き）:12
cloze:ゆかたはなつの{..}ものです。:着（き）:12
cloze:{..}しみにしています。:楽（たの）:12
cloze:日本のおん{..}を聞いています。:楽（がく）:12
cloze:あきはばらに{..}がたくさんあります。:店（みせ）:12
cloze:ろ{..}もあって、たこやきを売っている。:店（てん）:12
cloze:きょ{..}　日本に住んでいました。:年（ねん）:12
cloze:今{..}　はたちさいです。:年（とし）:12
cloze:ろ店もあって、たこやきを{..}っている。:売（う）:12
cloze:{..}はルフィです。:私（わたし）:12
cloze:妹は{..}りつのこうこうへ行っている。:私（し）:12
cloze:おかねをぜんぜん{..}っていません。:持（も）:12
cloze:{..}田さんはおそいです。:山（やま）:12
cloze:ふじ{..}はりっぱで、ゆうめいです。:山（さん）:12
cloze:山{..}さんはおそいです。:田（だ）:12
cloze:{..}中さんはかいしゃですか。:田（た）:12
cloze:ふどうさんやの{..}へ行きましょう。:中（なか）:12
cloze:リーさんは{..}ごく人です。:中（ちゅう）:12
cloze:田{..}さんはかいしゃですか。:中（なか）:12
cloze:あしたも　学こうに　行{..}んですか。:く:12
cloze:私は　車のうんてんが　きらい{..}んです。:な:12
cloze:まだ　子ども{..}んです。:な:12
cloze:ぼくは　アメリカ人じゃな{..}んです。:い:12
cloze:前のしけんは　むずかし{..}んですよ。:かった:12
cloze:まだ　子ども{..}のです。:な:12
cloze:ルフィは　つよ{..}、やさしいです。:くて:12
cloze:きょうとは　きれい{..}、しずかなまちですね。:で:12
cloze:きょうとは　しずかなまち{..}、きれいですね。:で:12
cloze:妹は　まだ１４さい{..}、うんてんができません。:で:12
cloze:女の人{..}　いけないんですか。:では:12
cloze:近{..}　いいんですよ。:くても:12
cloze:けいたい{..}　いけません。:じゃ:12
cloze:後で　見{..}　行きましょう。:に:12
cloze:着ものをきて{..}です。:見たい:12
cloze:そのすしを　食べて{..}も　いいですか。:見て:12
cloze:行かないですか。{..}、行きません。:はい:12
cloze:行かないですか。{..}、行きますよ。:いいえ:12
cloze:男の人{..}　女の人{..}　かつきます。:も:12
cloze:大ぜい{..}人が　います。:の:12
cloze:子ども{..}は　ちょっと　むずかしいんです。:に:12
cloze:楽しい{..}よ。:わ:12
cloze:たこやき{..}わたがし{..}売っている。:とか:12
