produce:a lot of people:おおぜい
listen:oozei:a lot of people/おおぜい
produce:a male person/plain:男の人が/おとこのひとが
listen:otokonohitoga/男の人が:a male person/男の人が
produce:a fortune slip:おみくじが
listen:omikujiga/おみくじが:a fortune slip/おみくじが
produce:a female person/plain:女の人が/おんなのひとが
listen:onnanohitoga/女の人が:a female person/女の人が
produce:decoration:かざりが/飾りが
listen:kazariga/飾りが:decoration/かざりが
produce:a cup of noodles:カップヌードルが
listen:kappunuudoruga/カップヌードルが:a cup of noodles/カップヌードルが
produce:Sanji/superior to inferior, among peers, towards male children:さんじくんが
listen:sanjikunga/さんじくんが:Sanji/さんじくんが
produce:a temple or shrine offering:(お)さいせんが
listen:osaisenga/お賽銭が:a temple or shrine offering/おさいせんが
produce:a bicycle:じてんしゃが
listen:jitenshaga/自転車が:a bicycle/じてんしゃが
produce:a woman/polite:女せいが/じょせいが
listen:joseiga/女性が:a woman/女せいが
produce:very good luck:大きちが/だいきちが
listen:daikichiga/大吉が:very good luck/大きちが
produce:a drum:たいこが
listen:taikoga/太鼓が:a drum/たいこが
produce:octopus fritters:たこやきが
listen:takoyakiga/たこ焼きが:octopus fritters/たこやきが
produce:a man/polite:男せいが/だんせいが
listen:danseiga/男性が:a man/男せいが
produce:an illness:びょうきが
listen:byoukiga/病気が:an illness/びょうきが
produce:a Bon dance:ぼんおどりが
listen:bonnodoriga/盆踊りが:a Bon dance/ぼんおどりが
produce:a festival:まつりが
listen:matsuriga/祭りが:a festival/まつりが
produce:a portable shrine:(お)みこしが
listen:omikoshiga/お神輿が:a portable shrine/おみこしが
produce:a summer kimono/cotton:ゆかたが
listen:yukataga/浴衣が:a summer kimono/ゆかたが
produce:Western-style clothes:ようふくが
listen:youfukuga/洋服が:Western-style clothes/ようふくが
produce:a lion:ライオンが
listen:raionga/ライオンが:a lion/ライオンが
produce:cooking, food, a dish:りょうりが
listen:ryouriga/料理が:cooking, food, a dish/りょうりが
produce:a street stall:ろ店が/ろてんが
listen:rotenga/ろ店が:a street stall/ろ店が
produce:a circle:わが
listen:waga/輪が:a circle, a wheel/わが
produce:a cotton candy:わたがしが/綿菓子が
listen:watagashiga/綿菓子が:a cotton candy/わたがしが
