produce:Africa:アフリカ:14
produce:resort area SW of Tokyo:いず:14
produce:internet:インターネット:14
produce:song:うた:14
produce:movie star:えいがスター:14
produce:Egypt:エジプト:14
produce:I/for men in very casual form:おれ/俺:14
produce:game center/abbreviated form:ゲーセン:14
produce:game center/long form:ゲームセンター:14
produce:experience/noun, abstract:けいけん:14
produce:Japanese wooden clogs:げた:14
produce:best:さいこう:14
produce:stroll/noun:さんぽ:14
produce:reputation:ひょうばん:14
produce:blowfish:ふぐ:14
produce:culture:ぶんか:14
produce:UFO:ユーフォー:14
produce:love letter:ラブレター:14
produce:inn/Japanese style:りょかん:14
produce:open-air bath:ろてんぶろ:14
produce:we:私たち:14
produce:memorize:おぼえる/おぼえます:14
produce:get tired:つかれる/つかれます:14
produce:meet; see (someone):会う/に　あいます:14
produce:walk/verb:あるく:14
produce:stay; lodge:とまる/place に　泊まります:14
produce:exercise:エクササイズをする:14
produce:experience/verb, abstract:けいけんをする:14
produce:stroll; take a walk:さんぽをする:14
produce:invite:しょうたいする/person を place に　招待します:14
produce:jog:ジョギングをする:14
produce:clean/verb:そうじをする:14
produce:experience/verb, first-hand:たいけんをする:14
produce:diet:ダイエットをする:14
produce:hurt; ache:いたい:14
produce:be embarrassed:はずかしい:14
produce:on ahead:先に/さきに:14
produce:very/colloquial:とっても:14
produce:etc.:など:14
produce:not even once; never:ーども:14
produce:to put it shortly/simply:かんたんに言えば:14
produce:like this, this kind of:こんな:14
produce:not anyone; no one:だれも:14
produce:by the way:ところで:14
produce:for a long time:ながい間/ながいあいだ:14
produce:It's been a long time.:ひさしぶりです:14
produce:after a long time:ひさしぶりに:14
produce:remember:おぼえている:14
produce:children:子どもたち:14
cloze:東京はラメンで{ゆう}名です。:有/東京はラメンで有名です。:14
cloze:{な}前は？:名/名前は？:14
cloze:ちゃんぽんを{た}べたい。:食/ちゃんぽんを食べたい。:14
cloze:うちで{しょく}事をします。:食/うちで食事をします。:14
cloze:いっしょに食{じ}をしましょう。:事/一緒に食事をしましょう。:14
cloze:し{ごと}でいそがしいです。:事/仕事で忙しいです。:14
cloze:おんせんに{はい}ります。:入/温泉に入ります。:14
cloze:{そと}はさむいですよ。:外/外は寒いですよ。:14
cloze:スミスさんは{がい}国人です。:外/スミスさんは外国人です。:14
cloze:友だちに{あ}った。:会/友達に会った。:14
cloze:今{かい}しゃに行くんです。:会/今会社に行くんです。:14
cloze:デパートで買い{もの}した。:物/デパートで買い物した。:14
cloze:アフリカを見{ぶつ}して、どう{ぶつ}を見ます。:物/アフリカを見物して、動物を見ます。:14
cloze:このに{もつ}はおもいですよ。:物/この荷物は重いですよ。:14
cloze:お{げん}きですか。:元/お元気ですか。:14
cloze:人{き}があります。:気/人気があります。:14
cloze:子どもの{とき}はやさしかった:時/子供の時はやさしかった。:14
cloze:学こうは八{じ}にはじまります。:時/学校は八時に始まります。:14
cloze:ここに２年{かん}住んでいます。:間/ここに２年間住んでいます。:14
cloze:メールを{か}きます。:書/メールを書きます。:14
cloze:と{しょ}かんでべんきょうします。:書/図書館で勉強します。:14
cloze:おん楽を{き}きます。:聞/音楽を聞きます。:14
cloze:しん{ぶん}を読んでいます:聞/新聞を読んでいます。:14
cloze:おちゃを{の}みます。:飲/お茶を飲みます。:14
cloze:バッグに{いん}しょくぶつがあります。:飲/バッグに飲食物があります。:14
cloze:日本語を{はな}すことができます:話/日本語を話すことができます。:14
cloze:どんなでん{わ}を持っていますか。:話/どんな電話を持っていますか。:14
cloze:五{ふん}まってください。:分/五分待ってください。:14
cloze:はん{ぶん}だけください:分/半分だけください。:14
cloze:五時十{ぷん}に着きます。:分/五時十分に着きます。:14
cloze:見る。見{ta-form}。:た/見る。見た。:14
cloze:買う。買{ta-form}。:った/買う。買った。:14
cloze:まつ。ま{ta-form}。:った/まつ。まった。:14
cloze:ふる。ふ{ta-form}。:った/ふる。ふった。:14
cloze:読む。読{ta-form}。:んだ/読む。読んだ。:14
cloze:よろこぶ。よろこ{ta-form}。:んだ/よろこぶ。よろこんだ。:14
cloze:しぬ。し{ta-form}。:んだ/しぬ。しんた。:14
cloze:はく。は{ta-form}。:いた/はく。はいた。:14
cloze:ぬぐ。ぬ{ta-form}。:いだ/ねぐ。ぬいだ。:14
cloze:けす。け{ta-form}。:した/けす。けした。:14
cloze:くる。く{ta-form}。:た/くる。きた。:14
cloze:する。{ta-form}。:した/する。した。:14
cloze:行く。行{ta-form}。:った/行く。行った。:14
cloze:ゆかたを着{..}がありますか。:たこと/ゆかたを着たことがありますか:14
cloze:ね{doing}と食べ{..}とでは、:るの/ねるのと食べるのとでは、:14
cloze:ね{doing}ほうが食べ{..}より好きです。:る/ねるほうが食べるより好きです。:14
cloze:ねるのと..、{..}が一番楽しい？:どれ/ねるのと..、どれが一番楽しい？:14
cloze:何をする{..}一番楽しいですか。:のが/何をするのが一番楽しいですか:14
cloze:ねるのはうた{..}ほど楽しくないな。:う/ねるのはうたうほど楽しくないな。:14
cloze:ある{..}がいいです。/you had better walk:いたほう/あるいたほうがいいです:14
cloze:知らせ{..}ほうがいいですよ。/negative:ないほう/知らせないほうがいいですよ:14
cloze:{none of n}おいしくないです。:どれも/どれもおいしくないです。:14
cloze:{nothing}ありません。:何も/何もありません。:14
cloze:{nowhere}やすくなりですね。:どこも/どこもやすくなりですね。:14
cloze:{noone}いませんでした。:だれも/だれもいませんでした。:14
cloze:{no shop}やすくないです。:どのお店も/どのお店もやすくないです。:14
cloze:３時から５時{until}し事をすました。:まで/３時から５時までし事をすました。:14
cloze:りょかん{..}とまりました:に/りょかんにとまりました。:14
cloze:木村さんをおんせん{..}しょうたいしましょうか。:に/木村さんをおんせんにしょうたいしましょうか。:14
cloze:本やで先生{..}会いました。:に/本やで先生に会いました。:14
listen:アフリカ:Africa:14
listen:いず:resort area SW of Tokyo:14
listen:インターネット:internet:14
listen:うた:song:14
listen:えいがスター:movie star:14
listen:エジプト:Egypt:14
listen:おれ:I/for men in very casual form:14
listen:ゲーセン:game center/abbreviated form:14
listen:ゲームセンター:game center/long form:14
listen:けいけん:experience/noun, abstract:14
listen:げた:Japanese wooden clogs:14
listen:さいこう:best:14
listen:さんぽ:stroll/noun:14
listen:ひょうばん:reputation:14
listen:ふぐ:blowfish:14
listen:ぶんか:culture:14
listen:ユーフォー:UFO:14
listen:ラブレター:love letter:14
listen:りょかん:inn/Japanese style:14
listen:ろてんぶろ:open-air bath:14
listen:私たち:we:14
listen:おぼえる:memorize:14
listen:つかれる:get tired:14
listen:会う:meet; see (someone):14
listen:あるく:walk/verb:14
listen:とまる:stay; lodge:14
listen:エクササイズをする:exercise:14
listen:けいけんをする:experience/verb, abstract:14
listen:さんぽをする:stroll; take a walk:14
listen:しょうたいする:invite:14
listen:ジョギングをする:jog:14
listen:そうじをする:clean/verb:14
listen:たいけんをする:experience/verb, first-hand:14
listen:ダイエットをする:diet:14
listen:いたい:hurt; ache:14
listen:はずかしい:be embarrassed:14
listen:先に:on ahead:14
listen:とっても:very/colloquial:14
listen:など:etc.:14
listen:ーども:not even once; never:14
listen:かんたんに言えば:to put it shortly/simply:14
listen:こんな:like this, this kind of:14
listen:だれも:not anyone; no one:14
listen:ところで:by the way:14
listen:ながい間:for a long time:14
listen:ひさしぶりです:It's been a long time.:14
listen:ひさしぶりに:after a long time:14
listen:おぼえている:remember:14
listen:子どもたち:children:14
