produce:Africa:アフリカ:14
produce:resort area SW of Tokyo:いず:14
produce:internet:インターネット:14
produce:song:うた:14
produce:movie star:えいがスター:14
produce:Egypt:エジプト:14
produce:I/for men in very casual form:おれ/俺:14
produce:game center/abbreviated form:ゲーセン:14
produce:game center/long form:ゲームセンター:14
produce:experience/noun, abstract:けいけん:14
produce:Japanese wooden clogs:げた:14
produce:best:さいこう:14
produce:stroll/noun:さんぽ:14
produce:reputation:ひょうばん:14
produce:blowfish:ふぐ:14
produce:culture:ぶんか:14
produce:UFO:ユーフォー:14
produce:love letter:ラブレター:14
produce:inn/Japanese style:りょかん:14
produce:open-air bath:ろてんぶろ:14
produce:we:私たち:14
produce:remember:おぼえる/おぼえます:14
produce:get tired:つかれる/つかれます:14
produce:meet; see (someone):会う/に　あいます:14
produce:walk/verb:あるく:14
produce:stay; lodge:とまる/place に　泊まります:14
produce:exercise:エクササイズをする:14
produce:experience/verb, abstract:けいけんをする:14
produce:stroll; take a walk:さんぽをする:14
produce:invite:しょうたいする/person を place に　招待します:14
produce:jog:ジョギングをする:14
produce:clean/verb:そうじをする:14
produce:experience/verb, first-hand:たいけんをする:14
produce:diet:ダイエットをする:14
produce:hurt; ache:いたい:14
produce:be embarrassed:はずかしい:14
produce:on ahead:先に/さきに:14
produce:very/colloquial:とっても:14
produce:etc.:など:14
produce:not even once; never:ーども:14
produce:to put it shortly/simply:かんたんに言えば:14
produce:like this, this kind of:こんな:14
produce:not anyone; no one:だれも:14
produce:by the way:ところで:14
produce:for a long time:ながい間/ながいあいだ:14
produce:It's been a long time.:ひさしぶりです:14
produce:after a long time:ひさしぶりに:14
cloze:東京はラメンで{ゆう}名です。:有/東京はラメンで有名です。:14
cloze:{な}前は？:名/名前は？:14
cloze:ちゃんぽんを{た}べたい。:食/ちゃんぽんを食べたい。:14
cloze:うちで{しょく}事をします。:食/うちで食事をします。:14
cloze:いっしょに食{じ}をしましょう。:事/一緒に食事をしましょう。:14
cloze:し{ごと}でいそがしいです。:事/仕事で忙しいです。:14
cloze:おんせんに{はい}ります。:入/温泉に入ります。:14
cloze:{そと}はさむいですよ。:外/外は寒いですよ。:14
cloze:スミスさんは{がい}国人です。:外/スミスさんは外国人です。:14
cloze:友だちに{あ}った。:会/友達に会った。:14
cloze:今{かい}しゃに行くんです。:会/今会社に行くんです。:14
cloze:デパートで買い{もの}した。:物/デパートで買い物した。:14
cloze:アフリカを見{ぶつ}して、どう{ぶつ}を見ます。:物/アフリカを見物して、動物を見ます。:14
cloze:このに{もつ}はおもいですよ。:物/この荷物は重いですよ。:14
cloze:お{げん}気ですか。:元/お元気ですか。:14
cloze:人{き}があります。:気/人気があります。:14
cloze:子どもの{とき}はやすかった:時/子供の時はやすかった。:14
cloze:学こうは八{じ}にはじまります。:時/学校は八時に始まります。:14
cloze:ここに２年{かん}住んでいます。:間/ここに２年間住んでいます。:14
cloze:メールを{ka}きます。:書/メールを書きます。:14
cloze:to{sho}かんでべんきょうします。:書/図書館で勉強します。:14
cloze:おん楽を{ki}きます。:聞/音楽を聞きます。:14
cloze:しん{bun}を読んでいます:聞/新聞を読んでいます。:14
cloze:おちゃを{no}みます。:飲/お茶を飲みます。:14
cloze:バッグに{in}しょくぶつがあります。:飲/バッグに飲食物があります。:14
cloze:日本語を{hana}すことができます:話/日本語を話すことができます。:14
cloze:どんなでん{wa}を持っていますか。:話/どんな電話を持っていますか。:14
cloze:五{fun}まってください。:分/五分待ってください。:14
cloze:はん{bun}だけください:分/半分だけください。:14
cloze:五時十{pun}に着きます。:分/五時十分に着きます。:14
