produce:afterward:後/あと:13:noun
listen:atogaafterward/後が:afterward:13:noun
produce:rain:あめ:13:noun
listen:amegarain/雨が:rain:13:noun
produce:the most; first:一番/いちばん:13:noun
listen:ichibangamost/一番が:the most; first:13:noun
produce:rabbit:うさぎ:13:noun
listen:usagigarabbit/うさぎが:rabbit:13:noun
produce:wheat-flour noodles:うどん:13:noun
listen:udonganoodles/うどんが:wheat-flour noodles:13:noun
produce:in front of the station:えき前:13:noun
listen:ekimaegastationfront/駅前が:in front of the station:13:noun
produce:Osaka:大さか/おおさか:13:noun
listen:oosakagacity/大阪が:Osaka:13:noun
produce:hot springs:おんせん:13:noun
listen:onsengasprings/温泉が:hot springs:13:noun
produce:meeting; conference:かいぎ:13:noun
listen:kaigigameeting/会議が:meeting; conference:13:noun
produce:volcano:火山/kazan:13:noun
listen:kazangavolcano/火山が:volcano:13:noun
produce:river:川/かわ:13:noun
listen:kawagariver/川が:river:13:noun
produce:idea; thought; opinion:かんがえ:13:noun
listen:kangaegaidea/考えが:idea; thought; opinion:13:noun
produce:climate:きこう:13:noun
listen:kikoogaclimate/気候が:climate:13:noun
produce:season:きせつ:13:noun
listen:kisetsugaseason/季節が:season:13:noun
produce:beef bowl:ぎゅうどん:13:noun
listen:gyuudongabeefbowl/牛丼が:beef bowl:13:noun
produce:giraffe:きりん:13:noun
listen:kiringagiraffe/きりんが:giraffe:13:noun
produce:afternoon; p.m.:ご後/ごご:13:noun
listen:gogogaafternoon/午後が:afternoon; p.m.:13:noun
produce:morning; a.m.:ご前/ごぜん:13:noun
listen:gozengamorning/午前が:morning; a.m.:13:noun
produce:soccer:サッカー:13:noun
listen:sakkaagasoccer/サッカーが:soccer:13:noun
produce:Seattle:シアトル:13:noun
listen:shiatorugaseattle/シアトルが:Seattle:13:noun
produce:island:しま:13:noun
listen:shimagaisland/島が:island:13:noun
produce:class; lesson:じゅぎょう:13:noun
listen:jyugyougaclass/授業が:class; lesson:13:noun
produce:castle:（お）しろ:13:noun
listen:oshirogacastle/お城が:castle:13:noun
produce:population:人口/じんこう:13:noun
listen:jinkougapopulation/人口が:population:13:noun
produce:watermelon:すいか:13:noun
listen:suikagawatermelon/すいかが:watermelon:13:noun
produce:steak:ステーキ:13:noun
listen:suteekigasteak/ステーキが:steak:13:noun
produce:height; stature:せい:13:noun
listen:seigaheight/背が:height; stature:13:noun
produce:world:せかい:13:noun
listen:sekaigaworld/世界が:world:13:noun
produce:elephant:ぞう:13:noun
listen:zougaelephant/ぞうが:elephant:13:noun
produce:buckwheat noodles:そば:13:noun
listen:sobagabuckwheat/蕎麦が:buckwheat noodles:13:noun
produce:cherry:チェリー:13:noun
listen:cheriigacherry/チェリーが:cherry:13:noun
produce:noodle dish:ちゃんぽん:13:noun
listen:chanponganoodles/ちゃんぽんが:noodle dish:13:noun
produce:animal:どうぶつ:13:noun
listen:doubutsugaanimal/動物が:animal:13:noun
produce:colleague; coworker:どうりょう:13:noun
listen:douryougacolleague/同僚が:colleague; coworker:13:noun
produce:age:年/とし:13:noun
listen:toshigaage/歳が:age:13:noun
produce:which one of two/polite:どちら:13:noun
listen:dochiragawhichoftwo/どちらが:which one of two/polite:13:noun
produce:which one of two/plain:どっち:13:noun
listen:docchigawhichoftwo/どっちが:which one of two/plain:13:noun
produce:Nagoya:なごや:13:noun
listen:nagoyagacity/名古屋が:Nagoya:13:noun
produce:west coast:西かいがん/にしかいがん:13:noun
listen:nishikaigangawestcoast/西海岸が:west coast:13:noun
produce:east coast:東かいがん/ひがしかいがん:13:noun
listen:higashikaigangaeastcoast/東海岸が:east coast:13:noun
produce:a city west of Osaka:ひめじ:13:noun
listen:himejigacity/姫路が:a city west of Osaka:13:noun
produce:lunch break:ひる休み:13:noun
listen:hiruyasumigalunchbreak/昼休みが:lunch break:13:noun
produce:pig:ぶた:13:noun
listen:butagapig/ぶたが:pig:13:noun
produce:side; direction:ほう:13:noun
listen:hougadirection/方が:side; direction:13:noun
produce:(substantial) amount; portion:ボリューム:13:noun
listen:boryumugavolume/ボリュームが:(substantial) amount; portion:13:noun
produce:snow:ゆき:13:noun
listen:yukigasnow/ゆきが:snow:13:noun
produce:lemon:レモン:13:noun
listen:remongalemon/レモンが:lemon:13:noun
produce:crocodile; alligator:わに:13:noun
listen:wanigaalligator/わにが:crocodile; alligator:13:noun
produce:Kyushu island:九州/きゅうしゅう:13:noun
listen:kyuushuugaisland/九州が:Kyushu island:13:noun
produce:Shikoku island:四国/しこく:13:noun
listen:shikokugaisland/四国が:Shikoku island:13:noun
produce:Hokkaido island:北かいどう/ほっかいどう:13:noun
listen:hokkaidogaisland/北海道が:Hokkaido island:13:noun
produce:Honshu island:本州/ほんしゅう:13:noun
listen:honshuugaisland/本州が:Honshu island:13:noun
produce:north:北/きた:13:noun
listen:kitaganorth/北が:north:13:noun
produce:west:西/にし:13:noun
listen:nishigawest/西が:west:13:noun
produce:east:東/ひがし:13:noun
listen:higashigaeast/東が:east:13:noun
produce:south:南/みなみ:13:noun
listen:minamigasouth/南が:south:13:noun
produce:leg; foot:あし:13:noun
listen:ashigaleg/足が:leg; foot:13:noun
produce:head/noun:あたま:13:noun
listen:atamagahead/頭が:head:13:noun
produce:face/noun:かお:13:noun
listen:kaogaface/顔が:face:13:noun
produce:hair:かみ:13:noun
listen:kamigahair/髪が:hair:13:noun
produce:mouth/noun:口/くち:13:noun
listen:kuchigamouth/口が:mouth:13:noun
produce:neck/noun:くび:13:noun
listen:kubiganeck/首が:neck:13:noun
produce:arm; hand:て:13:noun
listen:tegahand/手が:arm; hand:13:noun
produce:arms and legs; hands and feet:てあし:13:noun
listen:teashigalimbs/手足が:arms and legs; hands and feet:13:noun
produce:nose/noun:はな:13:noun
listen:hanaganose/鼻が:nose:13:noun
produce:ear:耳/みみ:13:noun
listen:mimigaear/耳が:ear:13:noun
produce:eye/noun:目/め:13:noun
listen:megaeye/目が:eye:13:noun
produce:finger:ゆび:13:noun
listen:yubigafinger/指が:finger:13:noun
cloze:ラーメンとパスタとでは{..}が好きですか。:どちらのほう/ラーメンとパスタとではどちらのほうが好きですか。:13
cloze:ラーメンとパスタと{..}どちらのほうが好きですか。:では/ラーメンとパスタとではどちらのほうが好きですか。:13
cloze:ラーメンとパスタとではどちらのほう{..}好きですか。:が/ラーメンとパスタとではどちらのほうが好きですか。:13
cloze:九州の{..}が北海道よりいいです。:ほう/九州のほうが北海道よりいいです。:13
cloze:九州のほうが北海道{..}いいです。:より/九州のほうが北海道よりいいです。:13
cloze:ぎゅうどんとハンバーガーとラーメンと/{..}が一番食べたい？:どれ/ぎゅうどんとハンバーガーとラーメンとどれが一番食べたい？:13
cloze:ぎゅうどんとハンバーガーとラーメンと/どれが{..}食べたい？:一番/ぎゅうどんとハンバーガーとラーメンとどれが一番食べたい？:13
cloze:はるとなつとあきとふゆとでは/{..}が一番好きですか。:いつ/はるとなつとあきとふゆとではいつが一番好きですか。:13
cloze:はるとなつとあきとふゆのなかで/{..}きせつが一番好きですか。:どの/はるとなつとあきとふゆのなかでどのきせつが一番好きですか。:13
cloze:友だちの中で{..}が一番せがたかいですか。:だれ/友だちの中でだれが一番せがたかいですか。:13
cloze:このフルーツの中で/{..}が一番おいしいですか。:どれ/このフルーツの中でどれが一番おいしいですか。:13
cloze:フルーツの中で/{..}が一番おいしいですか。:何/フルーツの中で何が一番おいしいですか。:13
cloze:東京とパレとロンドンとのなかで/{..}が一番おおいですか。:どこ/東京とパレとロンドンとのなかでどこが一番おおいですか。:13
cloze:どうぶつの中で{..}が一番好きですか。:何/どうぶつの中で何が一番好きですか。:13
cloze:なつが一{..}好きです。:番/なつが一番好きです。:13
cloze:京都は東京{..}にぎやかじゃないです。:ほど/京都は東京ほどにぎやかじゃないです。:13
cloze:ぞうは耳{..}大きいです。:が/ぞうは耳が大きいです。:13
cloze:みず{only}飲むことができるんです。:だけ（は）/みずだけ（は）飲むことができるんです。:13
cloze:日本町{only}行きます。:にだけ（だけに）/日本町にだけ（だけに）行きます。:13
cloze:あめ{..}ジョギングすることができますん。:で/あめでジョギングすることができますん。:13
cloze:九州{or}北海道に行きたいです。:か/九州か北海道に行きたいです。:13
cloze:本や{..}よってみたいです。:に/本やによってみたいです。:13
cloze:ここでバス{..}おりてください。:を/ここでバスをおりてください。:13
